
**** Build of configuration Debug for project SpaceInvaders_project ****

make all 
Building file: ../src/vdmaTest.c
Invoking: MicroBlaze gcc compiler
mb-gcc -Wall -O0 -g3 -c -fmessage-length=0 -I../../hello_world_bsp_0/microblaze_0/include -mlittle-endian -mxl-barrel-shift -mxl-pattern-compare -mcpu=v8.20.b -mno-xl-soft-mul -MMD -MP -MF"src/vdmaTest.d" -MT"src/vdmaTest.d" -o"src/vdmaTest.o" "../src/vdmaTest.c"
In file included from ../src/vdmaTest.c:30:
../src/shapes.h:236: warning: left shift count >= width of type
../src/shapes.h:236: warning: left shift count >= width of type
../src/shapes.h:236: warning: left shift count >= width of type
../src/shapes.h:236: warning: left shift count >= width of type
../src/shapes.h:236: warning: left shift count >= width of type
../src/shapes.h:236: warning: left shift count >= width of type
../src/shapes.h:236: warning: left shift count >= width of type
../src/shapes.h:236: warning: left shift count >= width of type
../src/shapes.h:236: warning: left shift count >= width of type
../src/shapes.h:236: warning: left shift count >= width of type
../src/shapes.h:236: warning: left shift count >= width of type
../src/shapes.h:236: warning: left shift count >= width of type
../src/shapes.h:236: warning: left shift count >= width of type
../src/shapes.h:236: warning: left shift count >= width of type
../src/shapes.h:236: warning: left shift count >= width of type
../src/shapes.h:236: warning: left shift count >= width of type
../src/shapes.h:237: warning: left shift count >= width of type
../src/shapes.h:237: warning: left shift count >= width of type
../src/shapes.h:237: warning: left shift count >= width of type
../src/shapes.h:237: warning: left shift count >= width of type
../src/shapes.h:237: warning: left shift count >= width of type
../src/shapes.h:237: warning: left shift count >= width of type
../src/shapes.h:237: warning: left shift count >= width of type
../src/shapes.h:237: warning: left shift count >= width of type
../src/shapes.h:237: warning: left shift count >= width of type
../src/shapes.h:237: warning: left shift count >= width of type
../src/shapes.h:237: warning: left shift count >= width of type
../src/shapes.h:237: warning: left shift count >= width of type
../src/shapes.h:237: warning: left shift count >= width of type
../src/shapes.h:237: warning: left shift count >= width of type
../src/shapes.h:237: warning: left shift count >= width of type
../src/shapes.h:237: warning: left shift count >= width of type
../src/shapes.h:238: warning: left shift count >= width of type
../src/shapes.h:238: warning: left shift count >= width of type
../src/shapes.h:238: warning: left shift count >= width of type
../src/shapes.h:238: warning: left shift count >= width of type
../src/shapes.h:238: warning: left shift count >= width of type
../src/shapes.h:238: warning: left shift count >= width of type
../src/shapes.h:238: warning: left shift count >= width of type
../src/shapes.h:238: warning: left shift count >= width of type
../src/shapes.h:238: warning: left shift count >= width of type
../src/shapes.h:238: warning: left shift count >= width of type
../src/shapes.h:238: warning: left shift count >= width of type
../src/shapes.h:238: warning: left shift count >= width of type
../src/shapes.h:238: warning: left shift count >= width of type
../src/shapes.h:238: warning: left shift count >= width of type
../src/shapes.h:238: warning: left shift count >= width of type
../src/shapes.h:238: warning: left shift count >= width of type
../src/shapes.h:239: warning: left shift count >= width of type
../src/shapes.h:239: warning: left shift count >= width of type
../src/shapes.h:239: warning: left shift count >= width of type
../src/shapes.h:239: warning: left shift count >= width of type
../src/shapes.h:239: warning: left shift count >= width of type
../src/shapes.h:239: warning: left shift count >= width of type
../src/shapes.h:239: warning: left shift count >= width of type
../src/shapes.h:239: warning: left shift count >= width of type
../src/shapes.h:239: warning: left shift count >= width of type
../src/shapes.h:239: warning: left shift count >= width of type
../src/shapes.h:239: warning: left shift count >= width of type
../src/shapes.h:239: warning: left shift count >= width of type
../src/shapes.h:239: warning: left shift count >= width of type
../src/shapes.h:239: warning: left shift count >= width of type
../src/shapes.h:239: warning: left shift count >= width of type
../src/shapes.h:239: warning: left shift count >= width of type
../src/shapes.h:240: warning: left shift count >= width of type
../src/shapes.h:240: warning: left shift count >= width of type
../src/shapes.h:240: warning: left shift count >= width of type
../src/shapes.h:240: warning: left shift count >= width of type
../src/shapes.h:240: warning: left shift count >= width of type
../src/shapes.h:240: warning: left shift count >= width of type
../src/shapes.h:240: warning: left shift count >= width of type
../src/shapes.h:240: warning: left shift count >= width of type
../src/shapes.h:240: warning: left shift count >= width of type
../src/shapes.h:240: warning: left shift count >= width of type
../src/shapes.h:240: warning: left shift count >= width of type
../src/shapes.h:240: warning: left shift count >= width of type
../src/shapes.h:240: warning: left shift count >= width of type
../src/shapes.h:240: warning: left shift count >= width of type
../src/shapes.h:240: warning: left shift count >= width of type
../src/shapes.h:240: warning: left shift count >= width of type
../src/shapes.h:241: warning: left shift count >= width of type
../src/shapes.h:241: warning: left shift count >= width of type
../src/shapes.h:241: warning: left shift count >= width of type
../src/shapes.h:241: warning: left shift count >= width of type
../src/shapes.h:241: warning: left shift count >= width of type
../src/shapes.h:241: warning: left shift count >= width of type
../src/shapes.h:241: warning: left shift count >= width of type
../src/shapes.h:241: warning: left shift count >= width of type
../src/shapes.h:241: warning: left shift count >= width of type
../src/shapes.h:241: warning: left shift count >= width of type
../src/shapes.h:241: warning: left shift count >= width of type
../src/shapes.h:241: warning: left shift count >= width of type
../src/shapes.h:241: warning: left shift count >= width of type
../src/shapes.h:241: warning: left shift count >= width of type
../src/shapes.h:241: warning: left shift count >= width of type
../src/shapes.h:241: warning: left shift count >= width of type
../src/shapes.h:242: warning: left shift count >= width of type
../src/shapes.h:242: warning: left shift count >= width of type
../src/shapes.h:242: warning: left shift count >= width of type
../src/shapes.h:242: warning: left shift count >= width of type
../src/shapes.h:242: warning: left shift count >= width of type
../src/shapes.h:242: warning: left shift count >= width of type
../src/shapes.h:242: warning: left shift count >= width of type
../src/shapes.h:242: warning: left shift count >= width of type
../src/shapes.h:242: warning: left shift count >= width of type
../src/shapes.h:242: warning: left shift count >= width of type
../src/shapes.h:242: warning: left shift count >= width of type
../src/shapes.h:242: warning: left shift count >= width of type
../src/shapes.h:242: warning: left shift count >= width of type
../src/shapes.h:242: warning: left shift count >= width of type
../src/shapes.h:242: warning: left shift count >= width of type
../src/shapes.h:242: warning: left shift count >= width of type
../src/shapes.h:243: warning: left shift count >= width of type
../src/shapes.h:243: warning: left shift count >= width of type
../src/shapes.h:243: warning: left shift count >= width of type
../src/shapes.h:243: warning: left shift count >= width of type
../src/shapes.h:243: warning: left shift count >= width of type
../src/shapes.h:243: warning: left shift count >= width of type
../src/shapes.h:243: warning: left shift count >= width of type
../src/shapes.h:243: warning: left shift count >= width of type
../src/shapes.h:243: warning: left shift count >= width of type
../src/shapes.h:243: warning: left shift count >= width of type
../src/shapes.h:243: warning: left shift count >= width of type
../src/shapes.h:243: warning: left shift count >= width of type
../src/shapes.h:243: warning: left shift count >= width of type
../src/shapes.h:243: warning: left shift count >= width of type
../src/shapes.h:243: warning: left shift count >= width of type
../src/shapes.h:243: warning: left shift count >= width of type
../src/shapes.h:244: warning: left shift count >= width of type
../src/shapes.h:244: warning: left shift count >= width of type
../src/shapes.h:244: warning: left shift count >= width of type
../src/shapes.h:244: warning: left shift count >= width of type
../src/shapes.h:244: warning: left shift count >= width of type
../src/shapes.h:244: warning: left shift count >= width of type
../src/shapes.h:244: warning: left shift count >= width of type
../src/shapes.h:244: warning: left shift count >= width of type
../src/shapes.h:244: warning: left shift count >= width of type
../src/shapes.h:244: warning: left shift count >= width of type
../src/shapes.h:244: warning: left shift count >= width of type
../src/shapes.h:244: warning: left shift count >= width of type
../src/shapes.h:244: warning: left shift count >= width of type
../src/shapes.h:244: warning: left shift count >= width of type
../src/shapes.h:244: warning: left shift count >= width of type
../src/shapes.h:244: warning: left shift count >= width of type
../src/shapes.h:245: warning: left shift count >= width of type
../src/shapes.h:245: warning: left shift count >= width of type
../src/shapes.h:245: warning: left shift count >= width of type
../src/shapes.h:245: warning: left shift count >= width of type
../src/shapes.h:245: warning: left shift count >= width of type
../src/shapes.h:245: warning: left shift count >= width of type
../src/shapes.h:245: warning: left shift count >= width of type
../src/shapes.h:245: warning: left shift count >= width of type
../src/shapes.h:245: warning: left shift count >= width of type
../src/shapes.h:245: warning: left shift count >= width of type
../src/shapes.h:245: warning: left shift count >= width of type
../src/shapes.h:245: warning: left shift count >= width of type
../src/shapes.h:245: warning: left shift count >= width of type
../src/shapes.h:245: warning: left shift count >= width of type
../src/shapes.h:245: warning: left shift count >= width of type
../src/shapes.h:245: warning: left shift count >= width of type
../src/shapes.h:246: warning: left shift count >= width of type
../src/shapes.h:246: warning: left shift count >= width of type
../src/shapes.h:246: warning: left shift count >= width of type
../src/shapes.h:246: warning: left shift count >= width of type
../src/shapes.h:246: warning: left shift count >= width of type
../src/shapes.h:246: warning: left shift count >= width of type
../src/shapes.h:246: warning: left shift count >= width of type
../src/shapes.h:246: warning: left shift count >= width of type
../src/shapes.h:246: warning: left shift count >= width of type
../src/shapes.h:246: warning: left shift count >= width of type
../src/shapes.h:246: warning: left shift count >= width of type
../src/shapes.h:246: warning: left shift count >= width of type
../src/shapes.h:246: warning: left shift count >= width of type
../src/shapes.h:246: warning: left shift count >= width of type
../src/shapes.h:246: warning: left shift count >= width of type
../src/shapes.h:246: warning: left shift count >= width of type
../src/shapes.h:247: warning: left shift count >= width of type
../src/shapes.h:247: warning: left shift count >= width of type
../src/shapes.h:247: warning: left shift count >= width of type
../src/shapes.h:247: warning: left shift count >= width of type
../src/shapes.h:247: warning: left shift count >= width of type
../src/shapes.h:247: warning: left shift count >= width of type
../src/shapes.h:247: warning: left shift count >= width of type
../src/shapes.h:247: warning: left shift count >= width of type
../src/shapes.h:247: warning: left shift count >= width of type
../src/shapes.h:247: warning: left shift count >= width of type
../src/shapes.h:247: warning: left shift count >= width of type
../src/shapes.h:247: warning: left shift count >= width of type
../src/shapes.h:247: warning: left shift count >= width of type
../src/shapes.h:247: warning: left shift count >= width of type
../src/shapes.h:247: warning: left shift count >= width of type
../src/shapes.h:247: warning: left shift count >= width of type
../src/shapes.h:248: warning: left shift count >= width of type
../src/shapes.h:248: warning: left shift count >= width of type
../src/shapes.h:248: warning: left shift count >= width of type
../src/shapes.h:248: warning: left shift count >= width of type
../src/shapes.h:248: warning: left shift count >= width of type
../src/shapes.h:248: warning: left shift count >= width of type
../src/shapes.h:248: warning: left shift count >= width of type
../src/shapes.h:248: warning: left shift count >= width of type
../src/shapes.h:248: warning: left shift count >= width of type
../src/shapes.h:248: warning: left shift count >= width of type
../src/shapes.h:248: warning: left shift count >= width of type
../src/shapes.h:248: warning: left shift count >= width of type
../src/shapes.h:248: warning: left shift count >= width of type
../src/shapes.h:248: warning: left shift count >= width of type
../src/shapes.h:248: warning: left shift count >= width of type
../src/shapes.h:248: warning: left shift count >= width of type
../src/shapes.h:249: warning: left shift count >= width of type
../src/shapes.h:249: warning: left shift count >= width of type
../src/shapes.h:249: warning: left shift count >= width of type
../src/shapes.h:249: warning: left shift count >= width of type
../src/shapes.h:249: warning: left shift count >= width of type
../src/shapes.h:249: warning: left shift count >= width of type
../src/shapes.h:249: warning: left shift count >= width of type
../src/shapes.h:249: warning: left shift count >= width of type
../src/shapes.h:249: warning: left shift count >= width of type
../src/shapes.h:249: warning: left shift count >= width of type
../src/shapes.h:249: warning: left shift count >= width of type
../src/shapes.h:249: warning: left shift count >= width of type
../src/shapes.h:249: warning: left shift count >= width of type
../src/shapes.h:249: warning: left shift count >= width of type
../src/shapes.h:249: warning: left shift count >= width of type
../src/shapes.h:249: warning: left shift count >= width of type
../src/shapes.h:250: warning: left shift count >= width of type
../src/shapes.h:250: warning: left shift count >= width of type
../src/shapes.h:250: warning: left shift count >= width of type
../src/shapes.h:250: warning: left shift count >= width of type
../src/shapes.h:250: warning: left shift count >= width of type
../src/shapes.h:250: warning: left shift count >= width of type
../src/shapes.h:250: warning: left shift count >= width of type
../src/shapes.h:250: warning: left shift count >= width of type
../src/shapes.h:250: warning: left shift count >= width of type
../src/shapes.h:250: warning: left shift count >= width of type
../src/shapes.h:250: warning: left shift count >= width of type
../src/shapes.h:250: warning: left shift count >= width of type
../src/shapes.h:250: warning: left shift count >= width of type
../src/shapes.h:250: warning: left shift count >= width of type
../src/shapes.h:250: warning: left shift count >= width of type
../src/shapes.h:250: warning: left shift count >= width of type
../src/shapes.h:251: warning: left shift count >= width of type
../src/shapes.h:251: warning: left shift count >= width of type
../src/shapes.h:251: warning: left shift count >= width of type
../src/shapes.h:251: warning: left shift count >= width of type
../src/shapes.h:251: warning: left shift count >= width of type
../src/shapes.h:251: warning: left shift count >= width of type
../src/shapes.h:251: warning: left shift count >= width of type
../src/shapes.h:251: warning: left shift count >= width of type
../src/shapes.h:251: warning: left shift count >= width of type
../src/shapes.h:251: warning: left shift count >= width of type
../src/shapes.h:251: warning: left shift count >= width of type
../src/shapes.h:251: warning: left shift count >= width of type
../src/shapes.h:251: warning: left shift count >= width of type
../src/shapes.h:251: warning: left shift count >= width of type
../src/shapes.h:251: warning: left shift count >= width of type
../src/shapes.h:251: warning: left shift count >= width of type
../src/shapes.h:252: warning: left shift count >= width of type
../src/shapes.h:252: warning: left shift count >= width of type
../src/shapes.h:252: warning: left shift count >= width of type
../src/shapes.h:252: warning: left shift count >= width of type
../src/shapes.h:252: warning: left shift count >= width of type
../src/shapes.h:252: warning: left shift count >= width of type
../src/shapes.h:252: warning: left shift count >= width of type
../src/shapes.h:252: warning: left shift count >= width of type
../src/shapes.h:252: warning: left shift count >= width of type
../src/shapes.h:252: warning: left shift count >= width of type
../src/shapes.h:252: warning: left shift count >= width of type
../src/shapes.h:252: warning: left shift count >= width of type
../src/shapes.h:252: warning: left shift count >= width of type
../src/shapes.h:252: warning: left shift count >= width of type
../src/shapes.h:252: warning: left shift count >= width of type
../src/shapes.h:252: warning: left shift count >= width of type
../src/shapes.h:253: warning: left shift count >= width of type
../src/shapes.h:253: warning: left shift count >= width of type
../src/shapes.h:253: warning: left shift count >= width of type
../src/shapes.h:253: warning: left shift count >= width of type
../src/shapes.h:253: warning: left shift count >= width of type
../src/shapes.h:253: warning: left shift count >= width of type
../src/shapes.h:253: warning: left shift count >= width of type
../src/shapes.h:253: warning: left shift count >= width of type
../src/shapes.h:253: warning: left shift count >= width of type
../src/shapes.h:253: warning: left shift count >= width of type
../src/shapes.h:253: warning: left shift count >= width of type
../src/shapes.h:253: warning: left shift count >= width of type
../src/shapes.h:253: warning: left shift count >= width of type
../src/shapes.h:253: warning: left shift count >= width of type
../src/shapes.h:253: warning: left shift count >= width of type
../src/shapes.h:253: warning: left shift count >= width of type
../src/shapes.h:254: warning: left shift count >= width of type
../src/shapes.h:254: warning: left shift count >= width of type
../src/shapes.h:254: warning: left shift count >= width of type
../src/shapes.h:254: warning: left shift count >= width of type
../src/shapes.h:254: warning: left shift count >= width of type
../src/shapes.h:254: warning: left shift count >= width of type
../src/shapes.h:254: warning: left shift count >= width of type
../src/shapes.h:254: warning: left shift count >= width of type
../src/shapes.h:254: warning: left shift count >= width of type
../src/shapes.h:254: warning: left shift count >= width of type
../src/shapes.h:254: warning: left shift count >= width of type
../src/shapes.h:254: warning: left shift count >= width of type
../src/shapes.h:254: warning: left shift count >= width of type
../src/shapes.h:254: warning: left shift count >= width of type
../src/shapes.h:254: warning: left shift count >= width of type
../src/shapes.h:254: warning: left shift count >= width of type
../src/shapes.h:255: warning: left shift count >= width of type
../src/shapes.h:255: warning: left shift count >= width of type
../src/shapes.h:255: warning: left shift count >= width of type
../src/shapes.h:255: warning: left shift count >= width of type
../src/shapes.h:255: warning: left shift count >= width of type
../src/shapes.h:255: warning: left shift count >= width of type
../src/shapes.h:255: warning: left shift count >= width of type
../src/shapes.h:255: warning: left shift count >= width of type
../src/shapes.h:255: warning: left shift count >= width of type
../src/shapes.h:255: warning: left shift count >= width of type
../src/shapes.h:255: warning: left shift count >= width of type
../src/shapes.h:255: warning: left shift count >= width of type
../src/shapes.h:255: warning: left shift count >= width of type
../src/shapes.h:255: warning: left shift count >= width of type
../src/shapes.h:255: warning: left shift count >= width of type
../src/shapes.h:255: warning: left shift count >= width of type
../src/shapes.h:256: warning: left shift count >= width of type
../src/shapes.h:256: warning: left shift count >= width of type
../src/shapes.h:256: warning: left shift count >= width of type
../src/shapes.h:256: warning: left shift count >= width of type
../src/shapes.h:256: warning: left shift count >= width of type
../src/shapes.h:256: warning: left shift count >= width of type
../src/shapes.h:256: warning: left shift count >= width of type
../src/shapes.h:256: warning: left shift count >= width of type
../src/shapes.h:256: warning: left shift count >= width of type
../src/shapes.h:256: warning: left shift count >= width of type
../src/shapes.h:256: warning: left shift count >= width of type
../src/shapes.h:256: warning: left shift count >= width of type
../src/shapes.h:256: warning: left shift count >= width of type
../src/shapes.h:256: warning: left shift count >= width of type
../src/shapes.h:256: warning: left shift count >= width of type
../src/shapes.h:256: warning: left shift count >= width of type
../src/shapes.h:257: warning: left shift count >= width of type
../src/shapes.h:257: warning: left shift count >= width of type
../src/shapes.h:257: warning: left shift count >= width of type
../src/shapes.h:257: warning: left shift count >= width of type
../src/shapes.h:257: warning: left shift count >= width of type
../src/shapes.h:257: warning: left shift count >= width of type
../src/shapes.h:257: warning: left shift count >= width of type
../src/shapes.h:257: warning: left shift count >= width of type
../src/shapes.h:257: warning: left shift count >= width of type
../src/shapes.h:257: warning: left shift count >= width of type
../src/shapes.h:257: warning: left shift count >= width of type
../src/shapes.h:257: warning: left shift count >= width of type
../src/shapes.h:257: warning: left shift count >= width of type
../src/shapes.h:257: warning: left shift count >= width of type
../src/shapes.h:257: warning: left shift count >= width of type
../src/shapes.h:257: warning: left shift count >= width of type
../src/shapes.h:258: warning: left shift count >= width of type
../src/shapes.h:258: warning: left shift count >= width of type
../src/shapes.h:258: warning: left shift count >= width of type
../src/shapes.h:258: warning: left shift count >= width of type
../src/shapes.h:258: warning: left shift count >= width of type
../src/shapes.h:258: warning: left shift count >= width of type
../src/shapes.h:258: warning: left shift count >= width of type
../src/shapes.h:258: warning: left shift count >= width of type
../src/shapes.h:258: warning: left shift count >= width of type
../src/shapes.h:258: warning: left shift count >= width of type
../src/shapes.h:258: warning: left shift count >= width of type
../src/shapes.h:258: warning: left shift count >= width of type
../src/shapes.h:258: warning: left shift count >= width of type
../src/shapes.h:258: warning: left shift count >= width of type
../src/shapes.h:258: warning: left shift count >= width of type
../src/shapes.h:258: warning: left shift count >= width of type
../src/shapes.h:259: warning: left shift count >= width of type
../src/shapes.h:259: warning: left shift count >= width of type
../src/shapes.h:259: warning: left shift count >= width of type
../src/shapes.h:259: warning: left shift count >= width of type
../src/shapes.h:259: warning: left shift count >= width of type
../src/shapes.h:259: warning: left shift count >= width of type
../src/shapes.h:259: warning: left shift count >= width of type
../src/shapes.h:259: warning: left shift count >= width of type
../src/shapes.h:259: warning: left shift count >= width of type
../src/shapes.h:259: warning: left shift count >= width of type
../src/shapes.h:259: warning: left shift count >= width of type
../src/shapes.h:259: warning: left shift count >= width of type
../src/shapes.h:259: warning: left shift count >= width of type
../src/shapes.h:259: warning: left shift count >= width of type
../src/shapes.h:259: warning: left shift count >= width of type
../src/shapes.h:259: warning: left shift count >= width of type
../src/shapes.h:260: warning: left shift count >= width of type
../src/shapes.h:260: warning: left shift count >= width of type
../src/shapes.h:260: warning: left shift count >= width of type
../src/shapes.h:260: warning: left shift count >= width of type
../src/shapes.h:260: warning: left shift count >= width of type
../src/shapes.h:260: warning: left shift count >= width of type
../src/shapes.h:260: warning: left shift count >= width of type
../src/shapes.h:260: warning: left shift count >= width of type
../src/shapes.h:260: warning: left shift count >= width of type
../src/shapes.h:260: warning: left shift count >= width of type
../src/shapes.h:260: warning: left shift count >= width of type
../src/shapes.h:260: warning: left shift count >= width of type
../src/shapes.h:260: warning: left shift count >= width of type
../src/shapes.h:260: warning: left shift count >= width of type
../src/shapes.h:260: warning: left shift count >= width of type
../src/shapes.h:260: warning: left shift count >= width of type
../src/shapes.h:261: warning: left shift count >= width of type
../src/shapes.h:261: warning: left shift count >= width of type
../src/shapes.h:261: warning: left shift count >= width of type
../src/shapes.h:261: warning: left shift count >= width of type
../src/shapes.h:261: warning: left shift count >= width of type
../src/shapes.h:261: warning: left shift count >= width of type
../src/shapes.h:261: warning: left shift count >= width of type
../src/shapes.h:261: warning: left shift count >= width of type
../src/shapes.h:261: warning: left shift count >= width of type
../src/shapes.h:261: warning: left shift count >= width of type
../src/shapes.h:261: warning: left shift count >= width of type
../src/shapes.h:261: warning: left shift count >= width of type
../src/shapes.h:261: warning: left shift count >= width of type
../src/shapes.h:261: warning: left shift count >= width of type
../src/shapes.h:261: warning: left shift count >= width of type
../src/shapes.h:261: warning: left shift count >= width of type
../src/shapes.h:262: warning: left shift count >= width of type
../src/shapes.h:262: warning: left shift count >= width of type
../src/shapes.h:262: warning: left shift count >= width of type
../src/shapes.h:262: warning: left shift count >= width of type
../src/shapes.h:262: warning: left shift count >= width of type
../src/shapes.h:262: warning: left shift count >= width of type
../src/shapes.h:262: warning: left shift count >= width of type
../src/shapes.h:262: warning: left shift count >= width of type
../src/shapes.h:262: warning: left shift count >= width of type
../src/shapes.h:262: warning: left shift count >= width of type
../src/shapes.h:262: warning: left shift count >= width of type
../src/shapes.h:262: warning: left shift count >= width of type
../src/shapes.h:262: warning: left shift count >= width of type
../src/shapes.h:262: warning: left shift count >= width of type
../src/shapes.h:262: warning: left shift count >= width of type
../src/shapes.h:262: warning: left shift count >= width of type
../src/shapes.h:263: warning: left shift count >= width of type
../src/shapes.h:263: warning: left shift count >= width of type
../src/shapes.h:263: warning: left shift count >= width of type
../src/shapes.h:263: warning: left shift count >= width of type
../src/shapes.h:263: warning: left shift count >= width of type
../src/shapes.h:263: warning: left shift count >= width of type
../src/shapes.h:263: warning: left shift count >= width of type
../src/shapes.h:263: warning: left shift count >= width of type
../src/shapes.h:263: warning: left shift count >= width of type
../src/shapes.h:263: warning: left shift count >= width of type
../src/shapes.h:263: warning: left shift count >= width of type
../src/shapes.h:263: warning: left shift count >= width of type
../src/shapes.h:263: warning: left shift count >= width of type
../src/shapes.h:263: warning: left shift count >= width of type
../src/shapes.h:263: warning: left shift count >= width of type
../src/shapes.h:263: warning: left shift count >= width of type
../src/shapes.h:264: warning: left shift count >= width of type
../src/shapes.h:264: warning: left shift count >= width of type
../src/shapes.h:264: warning: left shift count >= width of type
../src/shapes.h:264: warning: left shift count >= width of type
../src/shapes.h:264: warning: left shift count >= width of type
../src/shapes.h:264: warning: left shift count >= width of type
../src/shapes.h:264: warning: left shift count >= width of type
../src/shapes.h:264: warning: left shift count >= width of type
../src/shapes.h:264: warning: left shift count >= width of type
../src/shapes.h:264: warning: left shift count >= width of type
../src/shapes.h:264: warning: left shift count >= width of type
../src/shapes.h:264: warning: left shift count >= width of type
../src/shapes.h:264: warning: left shift count >= width of type
../src/shapes.h:264: warning: left shift count >= width of type
../src/shapes.h:264: warning: left shift count >= width of type
../src/shapes.h:264: warning: left shift count >= width of type
../src/shapes.h:265: warning: left shift count >= width of type
../src/shapes.h:265: warning: left shift count >= width of type
../src/shapes.h:265: warning: left shift count >= width of type
../src/shapes.h:265: warning: left shift count >= width of type
../src/shapes.h:265: warning: left shift count >= width of type
../src/shapes.h:265: warning: left shift count >= width of type
../src/shapes.h:265: warning: left shift count >= width of type
../src/shapes.h:265: warning: left shift count >= width of type
../src/shapes.h:265: warning: left shift count >= width of type
../src/shapes.h:265: warning: left shift count >= width of type
../src/shapes.h:265: warning: left shift count >= width of type
../src/shapes.h:265: warning: left shift count >= width of type
../src/shapes.h:265: warning: left shift count >= width of type
../src/shapes.h:265: warning: left shift count >= width of type
../src/shapes.h:265: warning: left shift count >= width of type
../src/shapes.h:265: warning: left shift count >= width of type
../src/shapes.h:266: warning: left shift count >= width of type
../src/shapes.h:266: warning: left shift count >= width of type
../src/shapes.h:266: warning: left shift count >= width of type
../src/shapes.h:266: warning: left shift count >= width of type
../src/shapes.h:266: warning: left shift count >= width of type
../src/shapes.h:266: warning: left shift count >= width of type
../src/shapes.h:266: warning: left shift count >= width of type
../src/shapes.h:266: warning: left shift count >= width of type
../src/shapes.h:266: warning: left shift count >= width of type
../src/shapes.h:266: warning: left shift count >= width of type
../src/shapes.h:266: warning: left shift count >= width of type
../src/shapes.h:266: warning: left shift count >= width of type
../src/shapes.h:266: warning: left shift count >= width of type
../src/shapes.h:266: warning: left shift count >= width of type
../src/shapes.h:266: warning: left shift count >= width of type
../src/shapes.h:266: warning: left shift count >= width of type
../src/shapes.h:267: warning: left shift count >= width of type
../src/shapes.h:267: warning: left shift count >= width of type
../src/shapes.h:267: warning: left shift count >= width of type
../src/shapes.h:267: warning: left shift count >= width of type
../src/shapes.h:267: warning: left shift count >= width of type
../src/shapes.h:267: warning: left shift count >= width of type
../src/shapes.h:267: warning: left shift count >= width of type
../src/shapes.h:267: warning: left shift count >= width of type
../src/shapes.h:267: warning: left shift count >= width of type
../src/shapes.h:267: warning: left shift count >= width of type
../src/shapes.h:267: warning: left shift count >= width of type
../src/shapes.h:267: warning: left shift count >= width of type
../src/shapes.h:267: warning: left shift count >= width of type
../src/shapes.h:267: warning: left shift count >= width of type
../src/shapes.h:267: warning: left shift count >= width of type
../src/shapes.h:267: warning: left shift count >= width of type
../src/shapes.h:268: warning: left shift count >= width of type
../src/shapes.h:268: warning: left shift count >= width of type
../src/shapes.h:268: warning: left shift count >= width of type
../src/shapes.h:268: warning: left shift count >= width of type
../src/shapes.h:268: warning: left shift count >= width of type
../src/shapes.h:268: warning: left shift count >= width of type
../src/shapes.h:268: warning: left shift count >= width of type
../src/shapes.h:268: warning: left shift count >= width of type
../src/shapes.h:268: warning: left shift count >= width of type
../src/shapes.h:268: warning: left shift count >= width of type
../src/shapes.h:268: warning: left shift count >= width of type
../src/shapes.h:268: warning: left shift count >= width of type
../src/shapes.h:268: warning: left shift count >= width of type
../src/shapes.h:268: warning: left shift count >= width of type
../src/shapes.h:268: warning: left shift count >= width of type
../src/shapes.h:268: warning: left shift count >= width of type
../src/shapes.h:269: warning: left shift count >= width of type
../src/shapes.h:269: warning: left shift count >= width of type
../src/shapes.h:269: warning: left shift count >= width of type
../src/shapes.h:269: warning: left shift count >= width of type
../src/shapes.h:269: warning: left shift count >= width of type
../src/shapes.h:269: warning: left shift count >= width of type
../src/shapes.h:269: warning: left shift count >= width of type
../src/shapes.h:269: warning: left shift count >= width of type
../src/shapes.h:269: warning: left shift count >= width of type
../src/shapes.h:269: warning: left shift count >= width of type
../src/shapes.h:269: warning: left shift count >= width of type
../src/shapes.h:269: warning: left shift count >= width of type
../src/shapes.h:269: warning: left shift count >= width of type
../src/shapes.h:269: warning: left shift count >= width of type
../src/shapes.h:269: warning: left shift count >= width of type
../src/shapes.h:269: warning: left shift count >= width of type
../src/shapes.h:270: warning: left shift count >= width of type
../src/shapes.h:270: warning: left shift count >= width of type
../src/shapes.h:270: warning: left shift count >= width of type
../src/shapes.h:270: warning: left shift count >= width of type
../src/shapes.h:270: warning: left shift count >= width of type
../src/shapes.h:270: warning: left shift count >= width of type
../src/shapes.h:270: warning: left shift count >= width of type
../src/shapes.h:270: warning: left shift count >= width of type
../src/shapes.h:270: warning: left shift count >= width of type
../src/shapes.h:270: warning: left shift count >= width of type
../src/shapes.h:270: warning: left shift count >= width of type
../src/shapes.h:270: warning: left shift count >= width of type
../src/shapes.h:270: warning: left shift count >= width of type
../src/shapes.h:270: warning: left shift count >= width of type
../src/shapes.h:270: warning: left shift count >= width of type
../src/shapes.h:270: warning: left shift count >= width of type
../src/shapes.h:271: warning: left shift count >= width of type
../src/shapes.h:271: warning: left shift count >= width of type
../src/shapes.h:271: warning: left shift count >= width of type
../src/shapes.h:271: warning: left shift count >= width of type
../src/shapes.h:271: warning: left shift count >= width of type
../src/shapes.h:271: warning: left shift count >= width of type
../src/shapes.h:271: warning: left shift count >= width of type
../src/shapes.h:271: warning: left shift count >= width of type
../src/shapes.h:271: warning: left shift count >= width of type
../src/shapes.h:271: warning: left shift count >= width of type
../src/shapes.h:271: warning: left shift count >= width of type
../src/shapes.h:271: warning: left shift count >= width of type
../src/shapes.h:271: warning: left shift count >= width of type
../src/shapes.h:271: warning: left shift count >= width of type
../src/shapes.h:271: warning: left shift count >= width of type
../src/shapes.h:271: warning: left shift count >= width of type
Finished building: ../src/vdmaTest.c
' '
Building target: SpaceInvaders_project.elf
Invoking: MicroBlaze gcc linker
mb-gcc -Wl,-T -Wl,../src/lscript.ld -L../../hello_world_bsp_0/microblaze_0/lib -mlittle-endian -mxl-barrel-shift -mxl-pattern-compare -mcpu=v8.20.b -mno-xl-soft-mul -o"SpaceInvaders_project.elf"  ./src/platform.o ./src/vdmaTest.o   -Wl,--start-group,-lxil,-lgcc,-lc,--end-group
Finished building target: SpaceInvaders_project.elf
' '
Invoking: MicroBlaze Print Size
mb-size SpaceInvaders_project.elf  |tee "SpaceInvaders_project.elf.size"
   text	   data	    bss	    dec	    hex	filename
  23388	   1420	   2156	  26964	   6954	SpaceInvaders_project.elf
Finished building: SpaceInvaders_project.elf.size
' '
Invoking: Xilinx ELF Check
elfcheck SpaceInvaders_project.elf -hw ../../SpaceInvaders_HW_hw_platform/system.xml -pe microblaze_0  |tee "SpaceInvaders_project.elf.elfcheck"
elfcheck
Xilinx EDK 13.4 Build EDK_O.87xd
Copyright (c) 1995-2011 Xilinx, Inc.  All rights reserved.

Command Line: elfcheck -hw ../../SpaceInvaders_HW_hw_platform/system.xml -pe
microblaze_0 SpaceInvaders_project.elf 

ELF file	: SpaceInvaders_project.elf
elfcheck passed.
Finished building: SpaceInvaders_project.elf.elfcheck
' '
