
**** Build of configuration Debug for project SpaceInvaders_project ****

make all 
Building file: ../src/vdmaTest.c
Invoking: MicroBlaze gcc compiler
mb-gcc -Wall -O0 -g3 -c -fmessage-length=0 -I../../hello_world_bsp_0/microblaze_0/include -mlittle-endian -mxl-barrel-shift -mxl-pattern-compare -mcpu=v8.20.b -mno-xl-soft-mul -MMD -MP -MF"src/vdmaTest.d" -MT"src/vdmaTest.d" -o"src/vdmaTest.o" "../src/vdmaTest.c"
Finished building: ../src/vdmaTest.c
' '
Building target: SpaceInvaders_project.elf
Invoking: MicroBlaze gcc linker
mb-gcc -Wl,-T -Wl,../src/lscript.ld -L../../hello_world_bsp_0/microblaze_0/lib -mlittle-endian -mxl-barrel-shift -mxl-pattern-compare -mcpu=v8.20.b -mno-xl-soft-mul -o"SpaceInvaders_project.elf"  ./src/platform.o ./src/vdmaTest.o   -Wl,--start-group,-lxil,-lgcc,-lc,--end-group
Finished building target: SpaceInvaders_project.elf
' '
Invoking: MicroBlaze Print Size
mb-size SpaceInvaders_project.elf  |tee "SpaceInvaders_project.elf.size"
   text	   data	    bss	    dec	    hex	filename
  12762	    380	   2102	  15244	   3b8c	SpaceInvaders_project.elf
Finished building: SpaceInvaders_project.elf.size
' '
Invoking: Xilinx ELF Check
elfcheck SpaceInvaders_project.elf -hw ../../SpaceInvaders_HW_hw_platform/system.xml -pe microblaze_0  |tee "SpaceInvaders_project.elf.elfcheck"
elfcheck
Xilinx EDK 13.4 Build EDK_O.87xd
Copyright (c) 1995-2011 Xilinx, Inc.  All rights reserved.

Command Line: elfcheck -hw ../../SpaceInvaders_HW_hw_platform/system.xml -pe
microblaze_0 SpaceInvaders_project.elf 

ELF file	: SpaceInvaders_project.elf
elfcheck passed.
Finished building: SpaceInvaders_project.elf.elfcheck
' '
