
**** Build of configuration Debug for project SpaceInvaders_project ****

make all 
Building file: ../src/vdmaTest.c
Invoking: MicroBlaze gcc compiler
mb-gcc -Wall -O0 -g3 -c -fmessage-length=0 -I../../hello_world_bsp_0/microblaze_0/include -mlittle-endian -mxl-barrel-shift -mxl-pattern-compare -mcpu=v8.20.b -mno-xl-soft-mul -MMD -MP -MF"src/vdmaTest.d" -MT"src/vdmaTest.d" -o"src/vdmaTest.o" "../src/vdmaTest.c"
In file included from ../src/vdmaTest.c:30:
../src/shapes.h:169: warning: left shift count >= width of type
../src/shapes.h:169: warning: left shift count >= width of type
../src/shapes.h:169: warning: left shift count >= width of type
../src/shapes.h:169: warning: left shift count >= width of type
../src/shapes.h:169: warning: left shift count >= width of type
../src/shapes.h:169: warning: left shift count >= width of type
../src/shapes.h:169: warning: left shift count >= width of type
../src/shapes.h:169: warning: left shift count >= width of type
../src/shapes.h:169: warning: left shift count >= width of type
../src/shapes.h:169: warning: left shift count >= width of type
../src/shapes.h:169: warning: left shift count >= width of type
../src/shapes.h:169: warning: left shift count >= width of type
../src/shapes.h:169: warning: left shift count >= width of type
../src/shapes.h:169: warning: left shift count >= width of type
../src/shapes.h:169: warning: left shift count >= width of type
../src/shapes.h:169: warning: left shift count >= width of type
../src/shapes.h:170: warning: left shift count >= width of type
../src/shapes.h:170: warning: left shift count >= width of type
../src/shapes.h:170: warning: left shift count >= width of type
../src/shapes.h:170: warning: left shift count >= width of type
../src/shapes.h:170: warning: left shift count >= width of type
../src/shapes.h:170: warning: left shift count >= width of type
../src/shapes.h:170: warning: left shift count >= width of type
../src/shapes.h:170: warning: left shift count >= width of type
../src/shapes.h:170: warning: left shift count >= width of type
../src/shapes.h:170: warning: left shift count >= width of type
../src/shapes.h:170: warning: left shift count >= width of type
../src/shapes.h:170: warning: left shift count >= width of type
../src/shapes.h:170: warning: left shift count >= width of type
../src/shapes.h:170: warning: left shift count >= width of type
../src/shapes.h:170: warning: left shift count >= width of type
../src/shapes.h:170: warning: left shift count >= width of type
../src/shapes.h:171: warning: left shift count >= width of type
../src/shapes.h:171: warning: left shift count >= width of type
../src/shapes.h:171: warning: left shift count >= width of type
../src/shapes.h:171: warning: left shift count >= width of type
../src/shapes.h:171: warning: left shift count >= width of type
../src/shapes.h:171: warning: left shift count >= width of type
../src/shapes.h:171: warning: left shift count >= width of type
../src/shapes.h:171: warning: left shift count >= width of type
../src/shapes.h:171: warning: left shift count >= width of type
../src/shapes.h:171: warning: left shift count >= width of type
../src/shapes.h:171: warning: left shift count >= width of type
../src/shapes.h:171: warning: left shift count >= width of type
../src/shapes.h:171: warning: left shift count >= width of type
../src/shapes.h:171: warning: left shift count >= width of type
../src/shapes.h:171: warning: left shift count >= width of type
../src/shapes.h:171: warning: left shift count >= width of type
../src/shapes.h:172: warning: left shift count >= width of type
../src/shapes.h:172: warning: left shift count >= width of type
../src/shapes.h:172: warning: left shift count >= width of type
../src/shapes.h:172: warning: left shift count >= width of type
../src/shapes.h:172: warning: left shift count >= width of type
../src/shapes.h:172: warning: left shift count >= width of type
../src/shapes.h:172: warning: left shift count >= width of type
../src/shapes.h:172: warning: left shift count >= width of type
../src/shapes.h:172: warning: left shift count >= width of type
../src/shapes.h:172: warning: left shift count >= width of type
../src/shapes.h:172: warning: left shift count >= width of type
../src/shapes.h:172: warning: left shift count >= width of type
../src/shapes.h:172: warning: left shift count >= width of type
../src/shapes.h:172: warning: left shift count >= width of type
../src/shapes.h:172: warning: left shift count >= width of type
../src/shapes.h:172: warning: left shift count >= width of type
../src/shapes.h:173: warning: left shift count >= width of type
../src/shapes.h:173: warning: left shift count >= width of type
../src/shapes.h:173: warning: left shift count >= width of type
../src/shapes.h:173: warning: left shift count >= width of type
../src/shapes.h:173: warning: left shift count >= width of type
../src/shapes.h:173: warning: left shift count >= width of type
../src/shapes.h:173: warning: left shift count >= width of type
../src/shapes.h:173: warning: left shift count >= width of type
../src/shapes.h:173: warning: left shift count >= width of type
../src/shapes.h:173: warning: left shift count >= width of type
../src/shapes.h:173: warning: left shift count >= width of type
../src/shapes.h:173: warning: left shift count >= width of type
../src/shapes.h:173: warning: left shift count >= width of type
../src/shapes.h:173: warning: left shift count >= width of type
../src/shapes.h:173: warning: left shift count >= width of type
../src/shapes.h:173: warning: left shift count >= width of type
../src/shapes.h:174: warning: left shift count >= width of type
../src/shapes.h:174: warning: left shift count >= width of type
../src/shapes.h:174: warning: left shift count >= width of type
../src/shapes.h:174: warning: left shift count >= width of type
../src/shapes.h:174: warning: left shift count >= width of type
../src/shapes.h:174: warning: left shift count >= width of type
../src/shapes.h:174: warning: left shift count >= width of type
../src/shapes.h:174: warning: left shift count >= width of type
../src/shapes.h:174: warning: left shift count >= width of type
../src/shapes.h:174: warning: left shift count >= width of type
../src/shapes.h:174: warning: left shift count >= width of type
../src/shapes.h:174: warning: left shift count >= width of type
../src/shapes.h:174: warning: left shift count >= width of type
../src/shapes.h:174: warning: left shift count >= width of type
../src/shapes.h:174: warning: left shift count >= width of type
../src/shapes.h:174: warning: left shift count >= width of type
../src/shapes.h:175: warning: left shift count >= width of type
../src/shapes.h:175: warning: left shift count >= width of type
../src/shapes.h:175: warning: left shift count >= width of type
../src/shapes.h:175: warning: left shift count >= width of type
../src/shapes.h:175: warning: left shift count >= width of type
../src/shapes.h:175: warning: left shift count >= width of type
../src/shapes.h:175: warning: left shift count >= width of type
../src/shapes.h:175: warning: left shift count >= width of type
../src/shapes.h:175: warning: left shift count >= width of type
../src/shapes.h:175: warning: left shift count >= width of type
../src/shapes.h:175: warning: left shift count >= width of type
../src/shapes.h:175: warning: left shift count >= width of type
../src/shapes.h:175: warning: left shift count >= width of type
../src/shapes.h:175: warning: left shift count >= width of type
../src/shapes.h:175: warning: left shift count >= width of type
../src/shapes.h:175: warning: left shift count >= width of type
../src/shapes.h:176: warning: left shift count >= width of type
../src/shapes.h:176: warning: left shift count >= width of type
../src/shapes.h:176: warning: left shift count >= width of type
../src/shapes.h:176: warning: left shift count >= width of type
../src/shapes.h:176: warning: left shift count >= width of type
../src/shapes.h:176: warning: left shift count >= width of type
../src/shapes.h:176: warning: left shift count >= width of type
../src/shapes.h:176: warning: left shift count >= width of type
../src/shapes.h:176: warning: left shift count >= width of type
../src/shapes.h:176: warning: left shift count >= width of type
../src/shapes.h:176: warning: left shift count >= width of type
../src/shapes.h:176: warning: left shift count >= width of type
../src/shapes.h:176: warning: left shift count >= width of type
../src/shapes.h:176: warning: left shift count >= width of type
../src/shapes.h:176: warning: left shift count >= width of type
../src/shapes.h:176: warning: left shift count >= width of type
../src/shapes.h:177: warning: left shift count >= width of type
../src/shapes.h:177: warning: left shift count >= width of type
../src/shapes.h:177: warning: left shift count >= width of type
../src/shapes.h:177: warning: left shift count >= width of type
../src/shapes.h:177: warning: left shift count >= width of type
../src/shapes.h:177: warning: left shift count >= width of type
../src/shapes.h:177: warning: left shift count >= width of type
../src/shapes.h:177: warning: left shift count >= width of type
../src/shapes.h:177: warning: left shift count >= width of type
../src/shapes.h:177: warning: left shift count >= width of type
../src/shapes.h:177: warning: left shift count >= width of type
../src/shapes.h:177: warning: left shift count >= width of type
../src/shapes.h:177: warning: left shift count >= width of type
../src/shapes.h:177: warning: left shift count >= width of type
../src/shapes.h:177: warning: left shift count >= width of type
../src/shapes.h:177: warning: left shift count >= width of type
../src/shapes.h:178: warning: left shift count >= width of type
../src/shapes.h:178: warning: left shift count >= width of type
../src/shapes.h:178: warning: left shift count >= width of type
../src/shapes.h:178: warning: left shift count >= width of type
../src/shapes.h:178: warning: left shift count >= width of type
../src/shapes.h:178: warning: left shift count >= width of type
../src/shapes.h:178: warning: left shift count >= width of type
../src/shapes.h:178: warning: left shift count >= width of type
../src/shapes.h:178: warning: left shift count >= width of type
../src/shapes.h:178: warning: left shift count >= width of type
../src/shapes.h:178: warning: left shift count >= width of type
../src/shapes.h:178: warning: left shift count >= width of type
../src/shapes.h:178: warning: left shift count >= width of type
../src/shapes.h:178: warning: left shift count >= width of type
../src/shapes.h:178: warning: left shift count >= width of type
../src/shapes.h:178: warning: left shift count >= width of type
../src/shapes.h:179: warning: left shift count >= width of type
../src/shapes.h:179: warning: left shift count >= width of type
../src/shapes.h:179: warning: left shift count >= width of type
../src/shapes.h:179: warning: left shift count >= width of type
../src/shapes.h:179: warning: left shift count >= width of type
../src/shapes.h:179: warning: left shift count >= width of type
../src/shapes.h:179: warning: left shift count >= width of type
../src/shapes.h:179: warning: left shift count >= width of type
../src/shapes.h:179: warning: left shift count >= width of type
../src/shapes.h:179: warning: left shift count >= width of type
../src/shapes.h:179: warning: left shift count >= width of type
../src/shapes.h:179: warning: left shift count >= width of type
../src/shapes.h:179: warning: left shift count >= width of type
../src/shapes.h:179: warning: left shift count >= width of type
../src/shapes.h:179: warning: left shift count >= width of type
../src/shapes.h:179: warning: left shift count >= width of type
../src/shapes.h:180: warning: left shift count >= width of type
../src/shapes.h:180: warning: left shift count >= width of type
../src/shapes.h:180: warning: left shift count >= width of type
../src/shapes.h:180: warning: left shift count >= width of type
../src/shapes.h:180: warning: left shift count >= width of type
../src/shapes.h:180: warning: left shift count >= width of type
../src/shapes.h:180: warning: left shift count >= width of type
../src/shapes.h:180: warning: left shift count >= width of type
../src/shapes.h:180: warning: left shift count >= width of type
../src/shapes.h:180: warning: left shift count >= width of type
../src/shapes.h:180: warning: left shift count >= width of type
../src/shapes.h:180: warning: left shift count >= width of type
../src/shapes.h:180: warning: left shift count >= width of type
../src/shapes.h:180: warning: left shift count >= width of type
../src/shapes.h:180: warning: left shift count >= width of type
../src/shapes.h:180: warning: left shift count >= width of type
../src/shapes.h:181: warning: left shift count >= width of type
../src/shapes.h:181: warning: left shift count >= width of type
../src/shapes.h:181: warning: left shift count >= width of type
../src/shapes.h:181: warning: left shift count >= width of type
../src/shapes.h:181: warning: left shift count >= width of type
../src/shapes.h:181: warning: left shift count >= width of type
../src/shapes.h:181: warning: left shift count >= width of type
../src/shapes.h:181: warning: left shift count >= width of type
../src/shapes.h:181: warning: left shift count >= width of type
../src/shapes.h:181: warning: left shift count >= width of type
../src/shapes.h:181: warning: left shift count >= width of type
../src/shapes.h:181: warning: left shift count >= width of type
../src/shapes.h:181: warning: left shift count >= width of type
../src/shapes.h:181: warning: left shift count >= width of type
../src/shapes.h:181: warning: left shift count >= width of type
../src/shapes.h:181: warning: left shift count >= width of type
../src/shapes.h:182: warning: left shift count >= width of type
../src/shapes.h:182: warning: left shift count >= width of type
../src/shapes.h:182: warning: left shift count >= width of type
../src/shapes.h:182: warning: left shift count >= width of type
../src/shapes.h:182: warning: left shift count >= width of type
../src/shapes.h:182: warning: left shift count >= width of type
../src/shapes.h:182: warning: left shift count >= width of type
../src/shapes.h:182: warning: left shift count >= width of type
../src/shapes.h:182: warning: left shift count >= width of type
../src/shapes.h:182: warning: left shift count >= width of type
../src/shapes.h:182: warning: left shift count >= width of type
../src/shapes.h:182: warning: left shift count >= width of type
../src/shapes.h:182: warning: left shift count >= width of type
../src/shapes.h:182: warning: left shift count >= width of type
../src/shapes.h:182: warning: left shift count >= width of type
../src/shapes.h:182: warning: left shift count >= width of type
../src/shapes.h:183: warning: left shift count >= width of type
../src/shapes.h:183: warning: left shift count >= width of type
../src/shapes.h:183: warning: left shift count >= width of type
../src/shapes.h:183: warning: left shift count >= width of type
../src/shapes.h:183: warning: left shift count >= width of type
../src/shapes.h:183: warning: left shift count >= width of type
../src/shapes.h:183: warning: left shift count >= width of type
../src/shapes.h:183: warning: left shift count >= width of type
../src/shapes.h:183: warning: left shift count >= width of type
../src/shapes.h:183: warning: left shift count >= width of type
../src/shapes.h:183: warning: left shift count >= width of type
../src/shapes.h:183: warning: left shift count >= width of type
../src/shapes.h:183: warning: left shift count >= width of type
../src/shapes.h:183: warning: left shift count >= width of type
../src/shapes.h:183: warning: left shift count >= width of type
../src/shapes.h:183: warning: left shift count >= width of type
../src/shapes.h:184: warning: left shift count >= width of type
../src/shapes.h:184: warning: left shift count >= width of type
../src/shapes.h:184: warning: left shift count >= width of type
../src/shapes.h:184: warning: left shift count >= width of type
../src/shapes.h:184: warning: left shift count >= width of type
../src/shapes.h:184: warning: left shift count >= width of type
../src/shapes.h:184: warning: left shift count >= width of type
../src/shapes.h:184: warning: left shift count >= width of type
../src/shapes.h:184: warning: left shift count >= width of type
../src/shapes.h:184: warning: left shift count >= width of type
../src/shapes.h:184: warning: left shift count >= width of type
../src/shapes.h:184: warning: left shift count >= width of type
../src/shapes.h:184: warning: left shift count >= width of type
../src/shapes.h:184: warning: left shift count >= width of type
../src/shapes.h:184: warning: left shift count >= width of type
../src/shapes.h:184: warning: left shift count >= width of type
../src/shapes.h:185: warning: left shift count >= width of type
../src/shapes.h:185: warning: left shift count >= width of type
../src/shapes.h:185: warning: left shift count >= width of type
../src/shapes.h:185: warning: left shift count >= width of type
../src/shapes.h:185: warning: left shift count >= width of type
../src/shapes.h:185: warning: left shift count >= width of type
../src/shapes.h:185: warning: left shift count >= width of type
../src/shapes.h:185: warning: left shift count >= width of type
../src/shapes.h:185: warning: left shift count >= width of type
../src/shapes.h:185: warning: left shift count >= width of type
../src/shapes.h:185: warning: left shift count >= width of type
../src/shapes.h:185: warning: left shift count >= width of type
../src/shapes.h:185: warning: left shift count >= width of type
../src/shapes.h:185: warning: left shift count >= width of type
../src/shapes.h:185: warning: left shift count >= width of type
../src/shapes.h:185: warning: left shift count >= width of type
../src/shapes.h:186: warning: left shift count >= width of type
../src/shapes.h:186: warning: left shift count >= width of type
../src/shapes.h:186: warning: left shift count >= width of type
../src/shapes.h:186: warning: left shift count >= width of type
../src/shapes.h:186: warning: left shift count >= width of type
../src/shapes.h:186: warning: left shift count >= width of type
../src/shapes.h:186: warning: left shift count >= width of type
../src/shapes.h:186: warning: left shift count >= width of type
../src/shapes.h:186: warning: left shift count >= width of type
../src/shapes.h:186: warning: left shift count >= width of type
../src/shapes.h:186: warning: left shift count >= width of type
../src/shapes.h:186: warning: left shift count >= width of type
../src/shapes.h:186: warning: left shift count >= width of type
../src/shapes.h:186: warning: left shift count >= width of type
../src/shapes.h:186: warning: left shift count >= width of type
../src/shapes.h:186: warning: left shift count >= width of type
../src/shapes.h:187: warning: left shift count >= width of type
../src/shapes.h:187: warning: left shift count >= width of type
../src/shapes.h:187: warning: left shift count >= width of type
../src/shapes.h:187: warning: left shift count >= width of type
../src/shapes.h:187: warning: left shift count >= width of type
../src/shapes.h:187: warning: left shift count >= width of type
../src/shapes.h:187: warning: left shift count >= width of type
../src/shapes.h:187: warning: left shift count >= width of type
../src/shapes.h:187: warning: left shift count >= width of type
../src/shapes.h:187: warning: left shift count >= width of type
../src/shapes.h:187: warning: left shift count >= width of type
../src/shapes.h:187: warning: left shift count >= width of type
../src/shapes.h:187: warning: left shift count >= width of type
../src/shapes.h:187: warning: left shift count >= width of type
../src/shapes.h:187: warning: left shift count >= width of type
../src/shapes.h:187: warning: left shift count >= width of type
../src/shapes.h:188: warning: left shift count >= width of type
../src/shapes.h:188: warning: left shift count >= width of type
../src/shapes.h:188: warning: left shift count >= width of type
../src/shapes.h:188: warning: left shift count >= width of type
../src/shapes.h:188: warning: left shift count >= width of type
../src/shapes.h:188: warning: left shift count >= width of type
../src/shapes.h:188: warning: left shift count >= width of type
../src/shapes.h:188: warning: left shift count >= width of type
../src/shapes.h:188: warning: left shift count >= width of type
../src/shapes.h:188: warning: left shift count >= width of type
../src/shapes.h:188: warning: left shift count >= width of type
../src/shapes.h:188: warning: left shift count >= width of type
../src/shapes.h:188: warning: left shift count >= width of type
../src/shapes.h:188: warning: left shift count >= width of type
../src/shapes.h:188: warning: left shift count >= width of type
../src/shapes.h:188: warning: left shift count >= width of type
../src/shapes.h:189: warning: left shift count >= width of type
../src/shapes.h:189: warning: left shift count >= width of type
../src/shapes.h:189: warning: left shift count >= width of type
../src/shapes.h:189: warning: left shift count >= width of type
../src/shapes.h:189: warning: left shift count >= width of type
../src/shapes.h:189: warning: left shift count >= width of type
../src/shapes.h:189: warning: left shift count >= width of type
../src/shapes.h:189: warning: left shift count >= width of type
../src/shapes.h:189: warning: left shift count >= width of type
../src/shapes.h:189: warning: left shift count >= width of type
../src/shapes.h:189: warning: left shift count >= width of type
../src/shapes.h:189: warning: left shift count >= width of type
../src/shapes.h:189: warning: left shift count >= width of type
../src/shapes.h:189: warning: left shift count >= width of type
../src/shapes.h:189: warning: left shift count >= width of type
../src/shapes.h:189: warning: left shift count >= width of type
../src/shapes.h:190: warning: left shift count >= width of type
../src/shapes.h:190: warning: left shift count >= width of type
../src/shapes.h:190: warning: left shift count >= width of type
../src/shapes.h:190: warning: left shift count >= width of type
../src/shapes.h:190: warning: left shift count >= width of type
../src/shapes.h:190: warning: left shift count >= width of type
../src/shapes.h:190: warning: left shift count >= width of type
../src/shapes.h:190: warning: left shift count >= width of type
../src/shapes.h:190: warning: left shift count >= width of type
../src/shapes.h:190: warning: left shift count >= width of type
../src/shapes.h:190: warning: left shift count >= width of type
../src/shapes.h:190: warning: left shift count >= width of type
../src/shapes.h:190: warning: left shift count >= width of type
../src/shapes.h:190: warning: left shift count >= width of type
../src/shapes.h:190: warning: left shift count >= width of type
../src/shapes.h:190: warning: left shift count >= width of type
../src/shapes.h:191: warning: left shift count >= width of type
../src/shapes.h:191: warning: left shift count >= width of type
../src/shapes.h:191: warning: left shift count >= width of type
../src/shapes.h:191: warning: left shift count >= width of type
../src/shapes.h:191: warning: left shift count >= width of type
../src/shapes.h:191: warning: left shift count >= width of type
../src/shapes.h:191: warning: left shift count >= width of type
../src/shapes.h:191: warning: left shift count >= width of type
../src/shapes.h:191: warning: left shift count >= width of type
../src/shapes.h:191: warning: left shift count >= width of type
../src/shapes.h:191: warning: left shift count >= width of type
../src/shapes.h:191: warning: left shift count >= width of type
../src/shapes.h:191: warning: left shift count >= width of type
../src/shapes.h:191: warning: left shift count >= width of type
../src/shapes.h:191: warning: left shift count >= width of type
../src/shapes.h:191: warning: left shift count >= width of type
../src/shapes.h:192: warning: left shift count >= width of type
../src/shapes.h:192: warning: left shift count >= width of type
../src/shapes.h:192: warning: left shift count >= width of type
../src/shapes.h:192: warning: left shift count >= width of type
../src/shapes.h:192: warning: left shift count >= width of type
../src/shapes.h:192: warning: left shift count >= width of type
../src/shapes.h:192: warning: left shift count >= width of type
../src/shapes.h:192: warning: left shift count >= width of type
../src/shapes.h:192: warning: left shift count >= width of type
../src/shapes.h:192: warning: left shift count >= width of type
../src/shapes.h:192: warning: left shift count >= width of type
../src/shapes.h:192: warning: left shift count >= width of type
../src/shapes.h:192: warning: left shift count >= width of type
../src/shapes.h:192: warning: left shift count >= width of type
../src/shapes.h:192: warning: left shift count >= width of type
../src/shapes.h:192: warning: left shift count >= width of type
../src/shapes.h:193: warning: left shift count >= width of type
../src/shapes.h:193: warning: left shift count >= width of type
../src/shapes.h:193: warning: left shift count >= width of type
../src/shapes.h:193: warning: left shift count >= width of type
../src/shapes.h:193: warning: left shift count >= width of type
../src/shapes.h:193: warning: left shift count >= width of type
../src/shapes.h:193: warning: left shift count >= width of type
../src/shapes.h:193: warning: left shift count >= width of type
../src/shapes.h:193: warning: left shift count >= width of type
../src/shapes.h:193: warning: left shift count >= width of type
../src/shapes.h:193: warning: left shift count >= width of type
../src/shapes.h:193: warning: left shift count >= width of type
../src/shapes.h:193: warning: left shift count >= width of type
../src/shapes.h:193: warning: left shift count >= width of type
../src/shapes.h:193: warning: left shift count >= width of type
../src/shapes.h:193: warning: left shift count >= width of type
../src/shapes.h:194: warning: left shift count >= width of type
../src/shapes.h:194: warning: left shift count >= width of type
../src/shapes.h:194: warning: left shift count >= width of type
../src/shapes.h:194: warning: left shift count >= width of type
../src/shapes.h:194: warning: left shift count >= width of type
../src/shapes.h:194: warning: left shift count >= width of type
../src/shapes.h:194: warning: left shift count >= width of type
../src/shapes.h:194: warning: left shift count >= width of type
../src/shapes.h:194: warning: left shift count >= width of type
../src/shapes.h:194: warning: left shift count >= width of type
../src/shapes.h:194: warning: left shift count >= width of type
../src/shapes.h:194: warning: left shift count >= width of type
../src/shapes.h:194: warning: left shift count >= width of type
../src/shapes.h:194: warning: left shift count >= width of type
../src/shapes.h:194: warning: left shift count >= width of type
../src/shapes.h:194: warning: left shift count >= width of type
../src/shapes.h:195: warning: left shift count >= width of type
../src/shapes.h:195: warning: left shift count >= width of type
../src/shapes.h:195: warning: left shift count >= width of type
../src/shapes.h:195: warning: left shift count >= width of type
../src/shapes.h:195: warning: left shift count >= width of type
../src/shapes.h:195: warning: left shift count >= width of type
../src/shapes.h:195: warning: left shift count >= width of type
../src/shapes.h:195: warning: left shift count >= width of type
../src/shapes.h:195: warning: left shift count >= width of type
../src/shapes.h:195: warning: left shift count >= width of type
../src/shapes.h:195: warning: left shift count >= width of type
../src/shapes.h:195: warning: left shift count >= width of type
../src/shapes.h:195: warning: left shift count >= width of type
../src/shapes.h:195: warning: left shift count >= width of type
../src/shapes.h:195: warning: left shift count >= width of type
../src/shapes.h:195: warning: left shift count >= width of type
../src/shapes.h:196: warning: left shift count >= width of type
../src/shapes.h:196: warning: left shift count >= width of type
../src/shapes.h:196: warning: left shift count >= width of type
../src/shapes.h:196: warning: left shift count >= width of type
../src/shapes.h:196: warning: left shift count >= width of type
../src/shapes.h:196: warning: left shift count >= width of type
../src/shapes.h:196: warning: left shift count >= width of type
../src/shapes.h:196: warning: left shift count >= width of type
../src/shapes.h:196: warning: left shift count >= width of type
../src/shapes.h:196: warning: left shift count >= width of type
../src/shapes.h:196: warning: left shift count >= width of type
../src/shapes.h:196: warning: left shift count >= width of type
../src/shapes.h:196: warning: left shift count >= width of type
../src/shapes.h:196: warning: left shift count >= width of type
../src/shapes.h:196: warning: left shift count >= width of type
../src/shapes.h:196: warning: left shift count >= width of type
../src/shapes.h:197: warning: left shift count >= width of type
../src/shapes.h:197: warning: left shift count >= width of type
../src/shapes.h:197: warning: left shift count >= width of type
../src/shapes.h:197: warning: left shift count >= width of type
../src/shapes.h:197: warning: left shift count >= width of type
../src/shapes.h:197: warning: left shift count >= width of type
../src/shapes.h:197: warning: left shift count >= width of type
../src/shapes.h:197: warning: left shift count >= width of type
../src/shapes.h:197: warning: left shift count >= width of type
../src/shapes.h:197: warning: left shift count >= width of type
../src/shapes.h:197: warning: left shift count >= width of type
../src/shapes.h:197: warning: left shift count >= width of type
../src/shapes.h:197: warning: left shift count >= width of type
../src/shapes.h:197: warning: left shift count >= width of type
../src/shapes.h:197: warning: left shift count >= width of type
../src/shapes.h:197: warning: left shift count >= width of type
../src/shapes.h:198: warning: left shift count >= width of type
../src/shapes.h:198: warning: left shift count >= width of type
../src/shapes.h:198: warning: left shift count >= width of type
../src/shapes.h:198: warning: left shift count >= width of type
../src/shapes.h:198: warning: left shift count >= width of type
../src/shapes.h:198: warning: left shift count >= width of type
../src/shapes.h:198: warning: left shift count >= width of type
../src/shapes.h:198: warning: left shift count >= width of type
../src/shapes.h:198: warning: left shift count >= width of type
../src/shapes.h:198: warning: left shift count >= width of type
../src/shapes.h:198: warning: left shift count >= width of type
../src/shapes.h:198: warning: left shift count >= width of type
../src/shapes.h:198: warning: left shift count >= width of type
../src/shapes.h:198: warning: left shift count >= width of type
../src/shapes.h:198: warning: left shift count >= width of type
../src/shapes.h:198: warning: left shift count >= width of type
../src/shapes.h:199: warning: left shift count >= width of type
../src/shapes.h:199: warning: left shift count >= width of type
../src/shapes.h:199: warning: left shift count >= width of type
../src/shapes.h:199: warning: left shift count >= width of type
../src/shapes.h:199: warning: left shift count >= width of type
../src/shapes.h:199: warning: left shift count >= width of type
../src/shapes.h:199: warning: left shift count >= width of type
../src/shapes.h:199: warning: left shift count >= width of type
../src/shapes.h:199: warning: left shift count >= width of type
../src/shapes.h:199: warning: left shift count >= width of type
../src/shapes.h:199: warning: left shift count >= width of type
../src/shapes.h:199: warning: left shift count >= width of type
../src/shapes.h:199: warning: left shift count >= width of type
../src/shapes.h:199: warning: left shift count >= width of type
../src/shapes.h:199: warning: left shift count >= width of type
../src/shapes.h:199: warning: left shift count >= width of type
../src/shapes.h:200: warning: left shift count >= width of type
../src/shapes.h:200: warning: left shift count >= width of type
../src/shapes.h:200: warning: left shift count >= width of type
../src/shapes.h:200: warning: left shift count >= width of type
../src/shapes.h:200: warning: left shift count >= width of type
../src/shapes.h:200: warning: left shift count >= width of type
../src/shapes.h:200: warning: left shift count >= width of type
../src/shapes.h:200: warning: left shift count >= width of type
../src/shapes.h:200: warning: left shift count >= width of type
../src/shapes.h:200: warning: left shift count >= width of type
../src/shapes.h:200: warning: left shift count >= width of type
../src/shapes.h:200: warning: left shift count >= width of type
../src/shapes.h:200: warning: left shift count >= width of type
../src/shapes.h:200: warning: left shift count >= width of type
../src/shapes.h:200: warning: left shift count >= width of type
../src/shapes.h:200: warning: left shift count >= width of type
../src/shapes.h:201: warning: left shift count >= width of type
../src/shapes.h:201: warning: left shift count >= width of type
../src/shapes.h:201: warning: left shift count >= width of type
../src/shapes.h:201: warning: left shift count >= width of type
../src/shapes.h:201: warning: left shift count >= width of type
../src/shapes.h:201: warning: left shift count >= width of type
../src/shapes.h:201: warning: left shift count >= width of type
../src/shapes.h:201: warning: left shift count >= width of type
../src/shapes.h:201: warning: left shift count >= width of type
../src/shapes.h:201: warning: left shift count >= width of type
../src/shapes.h:201: warning: left shift count >= width of type
../src/shapes.h:201: warning: left shift count >= width of type
../src/shapes.h:201: warning: left shift count >= width of type
../src/shapes.h:201: warning: left shift count >= width of type
../src/shapes.h:201: warning: left shift count >= width of type
../src/shapes.h:201: warning: left shift count >= width of type
../src/shapes.h:202: warning: left shift count >= width of type
../src/shapes.h:202: warning: left shift count >= width of type
../src/shapes.h:202: warning: left shift count >= width of type
../src/shapes.h:202: warning: left shift count >= width of type
../src/shapes.h:202: warning: left shift count >= width of type
../src/shapes.h:202: warning: left shift count >= width of type
../src/shapes.h:202: warning: left shift count >= width of type
../src/shapes.h:202: warning: left shift count >= width of type
../src/shapes.h:202: warning: left shift count >= width of type
../src/shapes.h:202: warning: left shift count >= width of type
../src/shapes.h:202: warning: left shift count >= width of type
../src/shapes.h:202: warning: left shift count >= width of type
../src/shapes.h:202: warning: left shift count >= width of type
../src/shapes.h:202: warning: left shift count >= width of type
../src/shapes.h:202: warning: left shift count >= width of type
../src/shapes.h:202: warning: left shift count >= width of type
../src/shapes.h:203: warning: left shift count >= width of type
../src/shapes.h:203: warning: left shift count >= width of type
../src/shapes.h:203: warning: left shift count >= width of type
../src/shapes.h:203: warning: left shift count >= width of type
../src/shapes.h:203: warning: left shift count >= width of type
../src/shapes.h:203: warning: left shift count >= width of type
../src/shapes.h:203: warning: left shift count >= width of type
../src/shapes.h:203: warning: left shift count >= width of type
../src/shapes.h:203: warning: left shift count >= width of type
../src/shapes.h:203: warning: left shift count >= width of type
../src/shapes.h:203: warning: left shift count >= width of type
../src/shapes.h:203: warning: left shift count >= width of type
../src/shapes.h:203: warning: left shift count >= width of type
../src/shapes.h:203: warning: left shift count >= width of type
../src/shapes.h:203: warning: left shift count >= width of type
../src/shapes.h:203: warning: left shift count >= width of type
../src/shapes.h:204: warning: left shift count >= width of type
../src/shapes.h:204: warning: left shift count >= width of type
../src/shapes.h:204: warning: left shift count >= width of type
../src/shapes.h:204: warning: left shift count >= width of type
../src/shapes.h:204: warning: left shift count >= width of type
../src/shapes.h:204: warning: left shift count >= width of type
../src/shapes.h:204: warning: left shift count >= width of type
../src/shapes.h:204: warning: left shift count >= width of type
../src/shapes.h:204: warning: left shift count >= width of type
../src/shapes.h:204: warning: left shift count >= width of type
../src/shapes.h:204: warning: left shift count >= width of type
../src/shapes.h:204: warning: left shift count >= width of type
../src/shapes.h:204: warning: left shift count >= width of type
../src/shapes.h:204: warning: left shift count >= width of type
../src/shapes.h:204: warning: left shift count >= width of type
../src/shapes.h:204: warning: left shift count >= width of type
Finished building: ../src/vdmaTest.c
' '
Building target: SpaceInvaders_project.elf
Invoking: MicroBlaze gcc linker
mb-gcc -Wl,-T -Wl,../src/lscript.ld -L../../hello_world_bsp_0/microblaze_0/lib -mlittle-endian -mxl-barrel-shift -mxl-pattern-compare -mcpu=v8.20.b -mno-xl-soft-mul -o"SpaceInvaders_project.elf"  ./src/platform.o ./src/vdmaTest.o   -Wl,--start-group,-lxil,-lgcc,-lc,--end-group
Finished building target: SpaceInvaders_project.elf
' '
Invoking: MicroBlaze Print Size
mb-size SpaceInvaders_project.elf  |tee "SpaceInvaders_project.elf.size"
   text	   data	    bss	    dec	    hex	filename
  12962	    380	   2102	  15444	   3c54	SpaceInvaders_project.elf
Finished building: SpaceInvaders_project.elf.size
' '
Invoking: Xilinx ELF Check
elfcheck SpaceInvaders_project.elf -hw ../../SpaceInvaders_HW_hw_platform/system.xml -pe microblaze_0  |tee "SpaceInvaders_project.elf.elfcheck"
elfcheck
Xilinx EDK 13.4 Build EDK_O.87xd
Copyright (c) 1995-2011 Xilinx, Inc.  All rights reserved.

Command Line: elfcheck -hw ../../SpaceInvaders_HW_hw_platform/system.xml -pe
microblaze_0 SpaceInvaders_project.elf 

ELF file	: SpaceInvaders_project.elf
elfcheck passed.
Finished building: SpaceInvaders_project.elf.elfcheck
' '
