C:\Users\joshuas2\Desktop\427\implementation\system.ngc 1345842953
C:/Users/joshuas2/Desktop/427/implementation/rs232_uart_1_wrapper.ngc 1345842898
C:/Users/joshuas2/Desktop/427/implementation/proc_sys_reset_0_wrapper.ngc 1345842898
C:/Users/joshuas2/Desktop/427/implementation/clock_generator_0_wrapper.ngc 1345842921
C:/Users/joshuas2/Desktop/427/implementation/axi_hdmi_0_wrapper.ngc 1345842898
C:/Users/joshuas2/Desktop/427/implementation/axi_ac97_0_wrapper.ngc 1345842917
C:/Users/joshuas2/Desktop/427/implementation/microblaze_0_ilmb_wrapper.ngc 1345842898
C:/Users/joshuas2/Desktop/427/implementation/microblaze_0_dlmb_wrapper.ngc 1345842898
C:/Users/joshuas2/Desktop/427/implementation/mcb_ddr2_wrapper.ngc 1345842898
C:/Users/joshuas2/Desktop/427/implementation/axi4lite_0_wrapper.ngc 1345842898
C:/Users/joshuas2/Desktop/427/implementation/axi4_0_wrapper.ngc 1345842898
C:/Users/joshuas2/Desktop/427/implementation/microblaze_0_wrapper.ngc 1345842898
C:/Users/joshuas2/Desktop/427/implementation/axi_vdma_0_wrapper.ngc 1345842898
C:/Users/joshuas2/Desktop/427/implementation/microblaze_0_i_bram_ctrl_wrapper.ngc 1345842898
C:/Users/joshuas2/Desktop/427/implementation/microblaze_0_d_bram_ctrl_wrapper.ngc 1345842898
C:/Users/joshuas2/Desktop/427/implementation/debug_module_wrapper.ngc 1345842898
C:/Users/joshuas2/Desktop/427/implementation/digilent_quadspi_cntlr_wrapper.ngc 1345842898
C:/Users/joshuas2/Desktop/427/implementation/axi_intc_0_wrapper.ngc 1345842898
C:/Users/joshuas2/Desktop/427/implementation/axi_timer_0_wrapper.ngc 1345842898
C:/Users/joshuas2/Desktop/427/implementation/microblaze_0_bram_block_wrapper.ngc 1345842898
OK
